#-----------------------------------------------------------
# Vivado v2019.2 (64-bit)
# SW Build 2708876 on Wed Nov  6 21:39:14 MST 2019
# IP Build 2700528 on Thu Nov  7 00:09:20 MST 2019
# Start of session at: Tue May 11 07:28:22 2021
# Process ID: 10057
# Current directory: /home/yyunon/thesis_journals/resources/fletcher-aws/examples/tpch1/1DDR/verif/scripts
# Command line: vivado
# Log file: /home/yyunon/thesis_journals/resources/fletcher-aws/examples/tpch1/1DDR/verif/scripts/vivado.log
# Journal file: /home/yyunon/thesis_journals/resources/fletcher-aws/examples/tpch1/1DDR/verif/scripts/vivado.jou
#-----------------------------------------------------------
start_gui
source ./open_waves.tcl
open_wave_config /home/yyunon/thesis_journals/resources/fletcher-aws/examples/tpch1/1DDR/verif/scripts/tb.wcfg
close_sim
close_project
source ./open_waves.tcl
open_wave_config /home/yyunon/thesis_journals/resources/fletcher-aws/examples/tpch1/1DDR/verif/scripts/tb.wcfg
close_sim
close_project
source ./open_waves.tcl
open_wave_config /home/yyunon/thesis_journals/resources/fletcher-aws/examples/tpch1/1DDR/verif/scripts/tb.wcfg
close_sim
close_project
source ./open_waves.tcl
open_wave_config /home/yyunon/thesis_journals/resources/fletcher-aws/examples/tpch1/1DDR/verif/scripts/tb.wcfg
close_sim
close_project
source ./open_waves.tcl
open_wave_config /home/yyunon/thesis_journals/resources/fletcher-aws/examples/tpch1/1DDR/verif/scripts/tb.wcfg
close_sim
close_project
source ./open_waves.tcl
open_wave_config /home/yyunon/thesis_journals/resources/fletcher-aws/examples/tpch1/1DDR/verif/scripts/tb.wcfg
close_sim
close_project
source ./open_waves.tcl
open_wave_config /home/yyunon/thesis_journals/resources/fletcher-aws/examples/tpch1/1DDR/verif/scripts/tb.wcfg
close_sim
close_project
source ./open_waves.tcl
open_wave_config /home/yyunon/thesis_journals/resources/fletcher-aws/examples/tpch1/1DDR/verif/scripts/tb.wcfg
save_wave_config {/home/yyunon/thesis_journals/resources/fletcher-aws/examples/tpch1/1DDR/verif/scripts/tb.wcfg}
save_wave_config {/home/yyunon/thesis_journals/resources/fletcher-aws/examples/tpch1/1DDR/verif/scripts/tb.wcfg}
save_wave_config {/home/yyunon/thesis_journals/resources/fletcher-aws/examples/tpch1/1DDR/verif/scripts/tb.wcfg}
save_wave_config {/home/yyunon/thesis_journals/resources/fletcher-aws/examples/tpch1/1DDR/verif/scripts/tb.wcfg}
close_sim
close_project
source ./open_waves.tcl
open_wave_config /home/yyunon/thesis_journals/resources/fletcher-aws/examples/tpch1/1DDR/verif/scripts/tb.wcfg
close_sim
close_project
source ./open_waves.tcl
open_wave_config /home/yyunon/thesis_journals/resources/fletcher-aws/examples/tpch1/1DDR/verif/scripts/tb.wcfg
close_sim
close_project
source ./open_waves.tcl
open_wave_config /home/yyunon/thesis_journals/resources/fletcher-aws/examples/tpch1/1DDR/verif/scripts/tb.wcfg
save_wave_config {/home/yyunon/thesis_journals/resources/fletcher-aws/examples/tpch1/1DDR/verif/scripts/tb.wcfg}
close_sim
close_project
source ./open_waves.tcl
open_wave_config /home/yyunon/thesis_journals/resources/fletcher-aws/examples/tpch1/1DDR/verif/scripts/tb.wcfg
close_sim
close_project
source ./open_waves.tcl
open_wave_config /home/yyunon/thesis_journals/resources/fletcher-aws/examples/tpch1/1DDR/verif/scripts/tb.wcfg
close_sim
close_project
source ./open_waves.tcl
open_wave_config /home/yyunon/thesis_journals/resources/fletcher-aws/examples/tpch1/1DDR/verif/scripts/tb.wcfg
close_sim
close_project
source ./open_waves.tcl
open_wave_config /home/yyunon/thesis_journals/resources/fletcher-aws/examples/tpch1/1DDR/verif/scripts/tb.wcfg
close_sim
close_project
source ./open_waves.tcl
open_wave_config /home/yyunon/thesis_journals/resources/fletcher-aws/examples/tpch1/1DDR/verif/scripts/tb.wcfg
close_sim
close_project
source ./open_waves.tcl
open_wave_config /home/yyunon/thesis_journals/resources/fletcher-aws/examples/tpch1/1DDR/verif/scripts/tb.wcfg
close_sim
close_project
source ./open_waves.tcl
open_wave_config /home/yyunon/thesis_journals/resources/fletcher-aws/examples/tpch1/1DDR/verif/scripts/tb.wcfg
close_sim
close_project
source ./open_waves.tcl
open_wave_config /home/yyunon/thesis_journals/resources/fletcher-aws/examples/tpch1/1DDR/verif/scripts/tb.wcfg
close_sim
close_project
source ./open_waves.tcl
open_wave_config /home/yyunon/thesis_journals/resources/fletcher-aws/examples/tpch1/1DDR/verif/scripts/tb.wcfg
save_wave_config {/home/yyunon/thesis_journals/resources/fletcher-aws/examples/tpch1/1DDR/verif/scripts/tb.wcfg}
close_sim
close_project
source ./open_waves.tcl
open_wave_config /home/yyunon/thesis_journals/resources/fletcher-aws/examples/tpch1/1DDR/verif/scripts/tb.wcfg
save_wave_config {/home/yyunon/thesis_journals/resources/fletcher-aws/examples/tpch1/1DDR/verif/scripts/tb.wcfg}
close_sim
close_project
source ./open_waves.tcl
open_wave_config /home/yyunon/thesis_journals/resources/fletcher-aws/examples/tpch1/1DDR/verif/scripts/tb.wcfg
close_sim
close_project
source ./open_waves.tcl
open_wave_config /home/yyunon/thesis_journals/resources/fletcher-aws/examples/tpch1/1DDR/verif/scripts/tb.wcfg
close_sim
close_project
source ./open_waves.tcl
open_wave_config /home/yyunon/thesis_journals/resources/fletcher-aws/examples/tpch1/1DDR/verif/scripts/tb.wcfg
close_sim
close_project
source ./open_waves.tcl
open_wave_config /home/yyunon/thesis_journals/resources/fletcher-aws/examples/tpch1/1DDR/verif/scripts/tb.wcfg
close_sim
close_project
source ./open_waves.tcl
open_wave_config /home/yyunon/thesis_journals/resources/fletcher-aws/examples/tpch1/1DDR/verif/scripts/tb.wcfg
close_sim
close_project
source ./open_waves.tcl
open_wave_config /home/yyunon/thesis_journals/resources/fletcher-aws/examples/tpch1/1DDR/verif/scripts/tb.wcfg
close_sim
close_project
source ./open_waves.tcl
open_wave_config /home/yyunon/thesis_journals/resources/fletcher-aws/examples/tpch1/1DDR/verif/scripts/tb.wcfg
close_sim
close_project
source ./open_waves.tcl
open_wave_config /home/yyunon/thesis_journals/resources/fletcher-aws/examples/tpch1/1DDR/verif/scripts/tb.wcfg
save_wave_config {/home/yyunon/thesis_journals/resources/fletcher-aws/examples/tpch1/1DDR/verif/scripts/tb.wcfg}
save_wave_config {/home/yyunon/thesis_journals/resources/fletcher-aws/examples/tpch1/1DDR/verif/scripts/tb.wcfg}
close_sim
close_project
source ./open_waves.tcl
open_wave_config /home/yyunon/thesis_journals/resources/fletcher-aws/examples/tpch1/1DDR/verif/scripts/tb.wcfg
save_wave_config {/home/yyunon/thesis_journals/resources/fletcher-aws/examples/tpch1/1DDR/verif/scripts/tb.wcfg}
close_sim
close_project
source ./open_waves.tcl
open_wave_config /home/yyunon/thesis_journals/resources/fletcher-aws/examples/tpch1/1DDR/verif/scripts/tb.wcfg
close_sim
close_project
source ./open_waves.tcl
open_wave_config /home/yyunon/thesis_journals/resources/fletcher-aws/examples/tpch1/1DDR/verif/scripts/tb.wcfg
close_sim
close_project
source ./open_waves.tcl
open_wave_config /home/yyunon/thesis_journals/resources/fletcher-aws/examples/tpch1/1DDR/verif/scripts/tb.wcfg
close_sim
close_project
source ./open_waves.tcl
open_wave_config /home/yyunon/thesis_journals/resources/fletcher-aws/examples/tpch1/1DDR/verif/scripts/tb.wcfg
close_sim
close_project
source ./open_waves.tcl
open_wave_config /home/yyunon/thesis_journals/resources/fletcher-aws/examples/tpch1/1DDR/verif/scripts/tb.wcfg
close_sim
close_project
source ./open_waves.tcl
open_wave_config /home/yyunon/thesis_journals/resources/fletcher-aws/examples/tpch1/1DDR/verif/scripts/tb.wcfg
save_wave_config {/home/yyunon/thesis_journals/resources/fletcher-aws/examples/tpch1/1DDR/verif/scripts/tb.wcfg}
close_sim
close_project
source ./open_waves.tcl
open_wave_config /home/yyunon/thesis_journals/resources/fletcher-aws/examples/tpch1/1DDR/verif/scripts/tb.wcfg
close_sim
close_project
source ./open_waves.tcl
open_wave_config /home/yyunon/thesis_journals/resources/fletcher-aws/examples/tpch1/1DDR/verif/scripts/tb.wcfg
save_wave_config {/home/yyunon/thesis_journals/resources/fletcher-aws/examples/tpch1/1DDR/verif/scripts/tb.wcfg}
close_sim
close_project
source ./open_waves.tcl
open_wave_config /home/yyunon/thesis_journals/resources/fletcher-aws/examples/tpch1/1DDR/verif/scripts/tb.wcfg
close_sim
close_project
source ./open_waves.tcl
open_wave_config /home/yyunon/thesis_journals/resources/fletcher-aws/examples/tpch1/1DDR/verif/scripts/tb.wcfg
save_wave_config {/home/yyunon/thesis_journals/resources/fletcher-aws/examples/tpch1/1DDR/verif/scripts/tb.wcfg}
close_sim
close_project
source ./open_waves.tcl
open_wave_config /home/yyunon/thesis_journals/resources/fletcher-aws/examples/tpch1/1DDR/verif/scripts/tb.wcfg
save_wave_config {/home/yyunon/thesis_journals/resources/fletcher-aws/examples/tpch1/1DDR/verif/scripts/tb.wcfg}
close_sim
close_project
source ./open_waves.tcl
open_wave_config /home/yyunon/thesis_journals/resources/fletcher-aws/examples/tpch1/1DDR/verif/scripts/tb.wcfg
close_sim
close_project
source ./open_waves.tcl
open_wave_config /home/yyunon/thesis_journals/resources/fletcher-aws/examples/tpch1/1DDR/verif/scripts/tb.wcfg
close_sim
close_project
source ./open_waves.tcl
open_wave_config /home/yyunon/thesis_journals/resources/fletcher-aws/examples/tpch1/1DDR/verif/scripts/tb.wcfg
close_sim
close_project
source ./open_waves.tcl
open_wave_config /home/yyunon/thesis_journals/resources/fletcher-aws/examples/tpch1/1DDR/verif/scripts/tb.wcfg
close_sim
close_project
source ./open_waves.tcl
open_wave_config /home/yyunon/thesis_journals/resources/fletcher-aws/examples/tpch1/1DDR/verif/scripts/tb.wcfg
close_sim
close_project
source ./open_waves.tcl
open_wave_config /home/yyunon/thesis_journals/resources/fletcher-aws/examples/tpch1/1DDR/verif/scripts/tb.wcfg
close_sim
close_project
source ./open_waves.tcl
open_wave_config /home/yyunon/thesis_journals/resources/fletcher-aws/examples/tpch1/1DDR/verif/scripts/tb.wcfg
close_sim
close_project
source ./open_waves.tcl
open_wave_config /home/yyunon/thesis_journals/resources/fletcher-aws/examples/tpch1/1DDR/verif/scripts/tb.wcfg
